2023-12-26 17:04:41.976  2283-11861 ActivityTrigger         system_server                        E  activityResumeTrigger: not whiteListedcom.android.todolist/com.android.todolist.ListActivity/1
2023-12-26 17:04:41.986 11901-11901 Toast                   com.android.todolist                 I  Show toast from OpPackageName:com.android.todolist, PackageName:com.android.todolist
2023-12-26 17:04:41.987  2283-11861 ActivityTrigger         system_server                        D  activityResumeTrigger: The activity in ApplicationInfo{9b61153 com.android.todolist} is now in focus and seems to be in full-screen mode
2023-12-26 17:04:41.987  2283-11861 ActivityTrigger         system_server                        E  activityResumeTrigger: not whiteListedcom.android.todolist/com.android.todolist.ListActivity/1
2023-12-26 17:04:42.100 11901-11909 zygote64                com.android.todolist                 I  Do full code cache collection, code=121KB, data=118KB
2023-12-26 17:04:42.101 11901-11909 zygote64                com.android.todolist                 I  After code cache collection, code=100KB, data=67KB
2023-12-26 17:04:42.212  2283-2304  ActivityManager         system_server                        I  Displayed com.android.todolist/.ListActivity: +222ms
2023-12-26 17:04:42.214  2430-2430  GoogleInpu...hodService com...gle.android.inputmethod.latin  I  GoogleInputMethodService.onStartInput():1862 onStartInput(EditorInfo{EditorInfo{packageName=com.android.todolist, inputType=0, inputTypeString=NULL, enableLearning=false, autoCorrection=false, autoComplete=false, imeOptions=0, privateImeOptions=null, actionName=UNSPECIFIED, actionLabel=null, initialSelStart=-1, initialSelEnd=-1, initialCapsMode=0, label=null, fieldId=2131230904, fieldName=null, extras=null, hintText=null, hintLocales=[]}}, false)
2023-12-26 17:04:44.787  2430-2430  GoogleInpu...hodService com...gle.android.inputmethod.latin  I  GoogleInputMethodService.onStartInput():1862 onStartInput(EditorInfo{EditorInfo{packageName=com.android.todolist, inputType=61, inputTypeString=PersonName, enableLearning=true, autoCorrection=true, autoComplete=true, imeOptions=6, privateImeOptions=null, actionName=DONE, actionLabel=null, initialSelStart=0, initialSelEnd=0, initialCapsMode=0, label=null, fieldId=2131230877, fieldName=null, extras=null, hintText=non-empty, hintLocales=[]}}, false)
2023-12-26 17:04:44.802  2430-2430  GoogleInpu...hodService com...gle.android.inputmethod.latin  I  GoogleInputMethodService.onStartInputView():1977 onStartInputView(EditorInfo{EditorInfo{packageName=com.android.todolist, inputType=61, inputTypeString=PersonName, enableLearning=true, autoCorrection=true, autoComplete=true, imeOptions=6, privateImeOptions=null, actionName=DONE, actionLabel=null, initialSelStart=0, initialSelEnd=0, initialCapsMode=0, label=null, fieldId=2131230877, fieldName=null, extras=null, hintText=non-empty, hintLocales=[]}}, false)
2023-12-26 17:04:44.848 11901-11901 ResourceType            com.android.todolist                 W  No package identifier when getting name for resource number 0x00000000
2023-12-26 17:04:44.848 11901-11901 View                    com.android.todolist                 V  dispatchProvideAutofillStructure(): not laid out, ignoring 0 children of 1073741832
2023-12-26 17:04:44.852 11901-11901 AssistStructure         com.android.todolist                 I  Flattened final assist data: 2472 bytes, containing 1 windows, 10 views
2023-12-26 17:04:44.869  2430-2430  AndroidIME              com...gle.android.inputmethod.latin  I  AbstractIme.onActivate():87 LatinIme.onActivate() : EditorInfo = EditorInfo{packageName=com.android.todolist, inputType=61, inputTypeString=PersonName, enableLearning=true, autoCorrection=true, autoComplete=true, imeOptions=6, privateImeOptions=null, actionName=DONE, actionLabel=null, initialSelStart=0, initialSelEnd=0, initialCapsMode=0, label=null, fieldId=2131230877, fieldName=null, extras=null, hintText=non-empty, hintLocales=[]}, IncognitoMode = false, DeviceLocked = false
2023-12-26 17:04:45.010  3041-12276 uby                     com.google.android.gms.persistent    W  Infinite Data has no result for com.android.todolist [CONTEXT service_id=177 ]
2023-12-26 17:04:45.126 11901-11909 zygote64                com.android.todolist                 I  Do partial code cache collection, code=104KB, data=77KB
2023-12-26 17:04:45.127 11901-11909 zygote64                com.android.todolist                 I  After code cache collection, code=104KB, data=77KB
2023-12-26 17:04:45.127 11901-11909 zygote64                com.android.todolist                 I  Increasing code cache capacity to 512KB
2023-12-26 17:04:56.054 11901-11901 IInputConnectionWrapper com.android.todolist                 W  requestCursorAnchorInfo on inactive InputConnection
2023-12-26 17:04:56.073  2430-2430  GoogleInpu...hodService com...gle.android.inputmethod.latin  I  GoogleInputMethodService.onStartInput():1862 onStartInput(EditorInfo{EditorInfo{packageName=com.android.todolist, inputType=0, inputTypeString=NULL, enableLearning=false, autoCorrection=false, autoComplete=false, imeOptions=0, privateImeOptions=null, actionName=UNSPECIFIED, actionLabel=null, initialSelStart=-1, initialSelEnd=-1, initialCapsMode=0, label=null, fieldId=2131230904, fieldName=null, extras=null, hintText=null, hintLocales=[]}}, false)
2023-12-26 17:04:56.077  2430-2430  GoogleInpu...hodService com...gle.android.inputmethod.latin  I  GoogleInputMethodService.onStartInputView():1977 onStartInputView(EditorInfo{EditorInfo{packageName=com.android.todolist, inputType=0, inputTypeString=NULL, enableLearning=false, autoCorrection=false, autoComplete=false, imeOptions=0, privateImeOptions=null, actionName=UNSPECIFIED, actionLabel=null, initialSelStart=-1, initialSelEnd=-1, initialCapsMode=0, label=null, fieldId=2131230904, fieldName=null, extras=null, hintText=null, hintLocales=[]}}, false)
2023-12-26 17:04:56.092  2430-2430  AndroidIME              com...gle.android.inputmethod.latin  I  AbstractIme.onActivate():87 PasswordIme.onActivate() : EditorInfo = EditorInfo{packageName=com.android.todolist, inputType=0, inputTypeString=NULL, enableLearning=false, autoCorrection=false, autoComplete=false, imeOptions=0, privateImeOptions=null, actionName=UNSPECIFIED, actionLabel=null, initialSelStart=-1, initialSelEnd=-1, initialCapsMode=0, label=null, fieldId=2131230904, fieldName=null, extras=null, hintText=null, hintLocales=[]}, IncognitoMode = false, DeviceLocked = false
2023-12-26 17:05:01.297  2430-2430  GoogleInpu...hodService com...gle.android.inputmethod.latin  I  GoogleInputMethodService.onStartInput():1862 onStartInput(EditorInfo{EditorInfo{packageName=com.android.todolist, inputType=61, inputTypeString=PersonName, enableLearning=true, autoCorrection=true, autoComplete=true, imeOptions=6, privateImeOptions=null, actionName=DONE, actionLabel=null, initialSelStart=0, initialSelEnd=0, initialCapsMode=0, label=null, fieldId=2131230877, fieldName=null, extras=null, hintText=non-empty, hintLocales=[]}}, false)
2023-12-26 17:05:01.313  2430-2430  GoogleInpu...hodService com...gle.android.inputmethod.latin  I  GoogleInputMethodService.onStartInputView():1977 onStartInputView(EditorInfo{EditorInfo{packageName=com.android.todolist, inputType=61, inputTypeString=PersonName, enableLearning=true, autoCorrection=true, autoComplete=true, imeOptions=6, privateImeOptions=null, actionName=DONE, actionLabel=null, initialSelStart=0, initialSelEnd=0, initialCapsMode=0, label=null, fieldId=2131230877, fieldName=null, extras=null, hintText=non-empty, hintLocales=[]}}, false)
2023-12-26 17:05:01.357  2430-2430  AndroidIME              com...gle.android.inputmethod.latin  I  AbstractIme.onActivate():87 LatinIme.onActivate() : EditorInfo = EditorInfo{packageName=com.android.todolist, inputType=61, inputTypeString=PersonName, enableLearning=true, autoCorrection=true, autoComplete=true, imeOptions=6, privateImeOptions=null, actionName=DONE, actionLabel=null, initialSelStart=0, initialSelEnd=0, initialCapsMode=0, label=null, fieldId=2131230877, fieldName=null, extras=null, hintText=non-empty, hintLocales=[]}, IncognitoMode = false, DeviceLocked = false
2023-12-26 17:05:03.624 11901-11909 zygote64                com.android.todolist                 I  Do full code cache collection, code=248KB, data=201KB
2023-12-26 17:05:03.625 11901-11909 zygote64                com.android.todolist                 I  After code cache collection, code=243KB, data=153KB
2023-12-26 17:05:11.460 11901-11909 zygote64                com.android.todolist                 I  Do partial code cache collection, code=250KB, data=171KB
2023-12-26 17:05:11.461 11901-11909 zygote64                com.android.todolist                 I  After code cache collection, code=250KB, data=171KB
2023-12-26 17:05:11.461 11901-11909 zygote64                com.android.todolist                 I  Increasing code cache capacity to 1024KB
2023-12-26 17:05:11.897 11901-11901 IInputConnectionWrapper com.android.todolist                 W  requestCursorAnchorInfo on inactive InputConnection
2023-12-26 17:05:11.925  2430-2430  GoogleInpu...hodService com...gle.android.inputmethod.latin  I  GoogleInputMethodService.onStartInput():1862 onStartInput(EditorInfo{EditorInfo{packageName=com.android.todolist, inputType=0, inputTypeString=NULL, enableLearning=false, autoCorrection=false, autoComplete=false, imeOptions=0, privateImeOptions=null, actionName=UNSPECIFIED, actionLabel=null, initialSelStart=-1, initialSelEnd=-1, initialCapsMode=0, label=null, fieldId=2131230904, fieldName=null, extras=null, hintText=null, hintLocales=[]}}, false)
2023-12-26 17:05:33.134  2283-7598  ActivityTrigger         system_server                        D  activityStartTrigger: Activity is Triggerred in full screen ApplicationInfo{9b61153 com.android.todolist}
2023-12-26 17:05:33.134  2283-7598  ActivityTrigger         system_server                        E  activityStartTrigger: not whiteListedcom.android.todolist/com.android.todolist.MainActivity/1
2023-12-26 17:05:33.135  2283-7598  ActivityTrigger         system_server                        D  activityResumeTrigger: The activity in ApplicationInfo{9b61153 com.android.todolist} is now in focus and seems to be in full-screen mode
2023-12-26 17:05:33.135  2283-7598  ActivityTrigger         system_server                        E  activityResumeTrigger: not whiteListedcom.android.todolist/com.android.todolist.MainActivity/1
2023-12-26 17:05:33.143  2283-3541  ActivityTrigger         system_server                        D  activityResumeTrigger: The activity in ApplicationInfo{9b61153 com.android.todolist} is now in focus and seems to be in full-screen mode
2023-12-26 17:05:33.143  2283-3541  ActivityTrigger         system_server                        E  activityResumeTrigger: not whiteListedcom.android.todolist/com.android.todolist.MainActivity/1
2023-12-26 17:05:33.367  2283-2304  ActivityManager         system_server                        I  Displayed com.android.todolist/.MainActivity: +212ms
2023-12-26 17:05:33.368  2430-2430  GoogleInpu...hodService com...gle.android.inputmethod.latin  I  GoogleInputMethodService.onStartInput():1862 onStartInput(EditorInfo{EditorInfo{packageName=com.android.todolist, inputType=0, inputTypeString=NULL, enableLearning=false, autoCorrection=false, autoComplete=false, imeOptions=0, privateImeOptions=null, actionName=UNSPECIFIED, actionLabel=null, initialSelStart=-1, initialSelEnd=-1, initialCapsMode=0, label=null, fieldId=2131230905, fieldName=null, extras=null, hintText=null, hintLocales=[]}}, false)
2023-12-26 17:05:33.380 11901-11936 OpenGLRenderer          com.android.todolist                 D  endAllActiveAnimators on 0x6ff4aa0c00 (RippleDrawable) with handle 0x6ff541a800
2023-12-26 17:05:33.402 11901-11909 zygote64                com.android.todolist                 I  Compiler allocated 7MB to compile void android.widget.TextView.<init>(android.content.Context, android.util.AttributeSet, int, int)
2023-12-26 17:05:34.620 11901-11909 zygote64                com.android.todolist                 I  Compiler allocated 6MB to compile void android.view.ViewRootImpl.performTraversals()
2023-12-26 17:05:41.936  2283-7144  ActivityTrigger         system_server                        D  activityStartTrigger: Activity is Triggerred in full screen ApplicationInfo{9b61153 com.android.todolist}
2023-12-26 17:05:41.936  2283-7144  ActivityTrigger         system_server                        E  activityStartTrigger: not whiteListedcom.android.todolist/com.android.todolist.ListActivity/1
2023-12-26 17:05:41.938  2283-7144  ActivityTrigger         system_server                        D  activityResumeTrigger: The activity in ApplicationInfo{9b61153 com.android.todolist} is now in focus and seems to be in full-screen mode
2023-12-26 17:05:41.938  2283-7144  ActivityTrigger         system_server                        E  activityResumeTrigger: not whiteListedcom.android.todolist/com.android.todolist.ListActivity/1
2023-12-26 17:05:41.948 11901-11901 Toast                   com.android.todolist                 I  Show toast from OpPackageName:com.android.todolist, PackageName:com.android.todolist
2023-12-26 17:05:41.949  2283-7144  ActivityTrigger         system_server                        D  activityResumeTrigger: The activity in ApplicationInfo{9b61153 com.android.todolist} is now in focus and seems to be in full-screen mode
2023-12-26 17:05:41.949  2283-7144  ActivityTrigger         system_server                        E  activityResumeTrigger: not whiteListedcom.android.todolist/com.android.todolist.ListActivity/1
2023-12-26 17:05:42.130  2430-2430  GoogleInpu...hodService com...gle.android.inputmethod.latin  I  GoogleInputMethodService.onStartInput():1862 onStartInput(EditorInfo{EditorInfo{packageName=com.android.todolist, inputType=0, inputTypeString=NULL, enableLearning=false, autoCorrection=false, autoComplete=false, imeOptions=0, privateImeOptions=null, actionName=UNSPECIFIED, actionLabel=null, initialSelStart=-1, initialSelEnd=-1, initialCapsMode=0, label=null, fieldId=2131230904, fieldName=null, extras=null, hintText=null, hintLocales=[]}}, false)
2023-12-26 17:05:42.130  2283-2304  ActivityManager         system_server                        I  Displayed com.android.todolist/.ListActivity: +175ms
2023-12-26 17:05:46.750  2283-7598  ActivityTrigger         system_server                        D  activityStartTrigger: Activity is Triggerred in full screen ApplicationInfo{9b61153 com.android.todolist}
2023-12-26 17:05:46.750  2283-7598  ActivityTrigger         system_server                        E  activityStartTrigger: not whiteListedcom.android.todolist/com.android.todolist.MainActivity/1
2023-12-26 17:05:46.752  2283-7598  ActivityTrigger         system_server                        D  activityResumeTrigger: The activity in ApplicationInfo{9b61153 com.android.todolist} is now in focus and seems to be in full-screen mode
2023-12-26 17:05:46.752  2283-7598  ActivityTrigger         system_server                        E  activityResumeTrigger: not whiteListedcom.android.todolist/com.android.todolist.MainActivity/1
2023-12-26 17:05:46.765  2283-3541  ActivityTrigger         system_server                        D  activityResumeTrigger: The activity in ApplicationInfo{9b61153 com.android.todolist} is now in focus and seems to be in full-screen mode
2023-12-26 17:05:46.765  2283-3541  ActivityTrigger         system_server                        E  activityResumeTrigger: not whiteListedcom.android.todolist/com.android.todolist.MainActivity/1
2023-12-26 17:05:46.817 11901-11909 zygote64                com.android.todolist                 I  Do full code cache collection, code=504KB, data=361KB
2023-12-26 17:05:46.818 11901-11909 zygote64                com.android.todolist                 I  After code cache collection, code=489KB, data=304KB
2023-12-26 17:05:46.935  2283-2304  ActivityManager         system_server                        I  Displayed com.android.todolist/.MainActivity: +165ms
2023-12-26 17:05:46.948  2430-2430  GoogleInpu...hodService com...gle.android.inputmethod.latin  I  GoogleInputMethodService.onStartInput():1862 onStartInput(EditorInfo{EditorInfo{packageName=com.android.todolist, inputType=0, inputTypeString=NULL, enableLearning=false, autoCorrection=false, autoComplete=false, imeOptions=0, privateImeOptions=null, actionName=UNSPECIFIED, actionLabel=null, initialSelStart=-1, initialSelEnd=-1, initialCapsMode=0, label=null, fieldId=2131230905, fieldName=null, extras=null, hintText=null, hintLocales=[]}}, false)
2023-12-26 17:05:46.980 11901-11936 OpenGLRenderer          com.android.todolist                 D  endAllActiveAnimators on 0x6ff3a35400 (RippleDrawable) with handle 0x6ff57322e0
