--------- beginning of system
--------- beginning of main
2023-12-26 17:01:35.134  2999-10988 PackageVerifyedRecevier com.miui.securitycenter.remote       D  verify package /data/app/vmdl1571609021.tmp info:  PackageInfo{7eff8a4 com.android.todolist}
2023-12-26 17:01:35.312  4436-4436  Finsky                  com.android.vending                  I  [2] ahip.c(66): VerifyApps: Install-time verification requested for package com.android.todolist, id = 0
2023-12-26 17:01:35.341  4436-11026 Finsky                  com.android.vending                  I  [331] VerifyAppsInstallTask.akH(58): VerifyApps: Anti-malware verification task started for package=com.android.todolist
2023-12-26 17:01:45.889  4436-4436  Finsky                  com.android.vending                  I  [2] VerifyInstallTask.akG(53): VerifyApps: Verification complete: id=0, package_name=com.android.todolist
2023-12-26 17:01:45.988 11072-11072 dex2oat                 pid-11072                            I  /system/bin/dex2oat --input-vdex-fd=-1 --output-vdex-fd=19 --compiler-filter=quicken -j6 --debuggable --classpath-dir=/data/app/com.android.todolist-DG1dNtU_vqKHfUHEhS9FLw== --class-loader-context=PCL[]
2023-12-26 17:01:47.844  3196-3196  PackageInstallReceiver  com.miui.home                        I  action = android.intent.action.PACKAGE_ADDED packageName = com.android.todolist
2023-12-26 17:01:47.845  8704-8704  Avrcp                   com.android.bluetooth                D  AvrcpServiceBroadcastReceiver-> packageName: com.android.todolist
2023-12-26 17:01:47.845  8704-8704  Avrcp                   com.android.bluetooth                D  packageName: com.android.todolist removed: false
2023-12-26 17:01:47.845  2999-2999  AppInstalledReceiver2   com.miui.securitycenter.remote       D  packageName: com.android.todolist
2023-12-26 17:01:47.847  3329-3329  WakePathManager         com.lbe.security.miui                I  PackageMonitor. onPackageAdded: packageName =com.android.todolist
2023-12-26 17:01:47.852  8704-8704  BluetoothMapAppObserver com.android.bluetooth                D  The installed package is: com.android.todolist
2023-12-26 17:01:47.853  9576-9576  SystemUpda...AppManager pid-9576                             I  add package to list: com.android.todolist
2023-12-26 17:01:47.862  2283-2297  BroadcastQueue          system_server                        W  Background execution not allowed: receiving Intent { act=android.intent.action.PACKAGE_ADDED dat=package:com.android.todolist flg=0x4000010 (has extras) } to com.lbe.security.miui/com.lbe.security.service.BootReceiver
2023-12-26 17:01:47.875  2283-2297  BroadcastQueue          system_server                        W  Background execution not allowed: receiving Intent { act=android.intent.action.PACKAGE_ADDED dat=package:com.android.todolist flg=0x4000010 (has extras) } to com.android.providers.contacts/.PackageIntentReceiver
2023-12-26 17:01:47.882  2283-2978  BroadcastQueue          system_server                        W  Background execution not allowed: receiving Intent { act=android.intent.action.PACKAGE_ADDED dat=package:com.android.todolist flg=0x4000010 (has extras) } to com.android.vending/com.google.android.finsky.packagemonitor.impl.PackageMonitorReceiverImpl$RegisteredReceiver
2023-12-26 17:01:47.886  2283-2297  BroadcastQueue          system_server                        W  Background execution not allowed: receiving Intent { act=android.intent.action.PACKAGE_ADDED dat=package:com.android.todolist flg=0x4000010 (has extras) } to com.android.vending/com.google.android.finsky.packagemonitor.backgroundimpl.BackgroundPackageMonitorReceiverImpl$RegisteredReceiver
2023-12-26 17:01:47.886  2283-2297  BroadcastQueue          system_server                        W  Background execution not allowed: receiving Intent { act=android.intent.action.PACKAGE_ADDED dat=package:com.android.todolist flg=0x4000010 (has extras) } to com.facebook.appmanager/com.facebook.oxygen.common.packages.event.manifest.ManifestPackageEventReceiver
2023-12-26 17:01:47.887  2283-2297  BroadcastQueue          system_server                        W  Background execution not allowed: receiving Intent { act=android.intent.action.PACKAGE_ADDED dat=package:com.android.todolist flg=0x4000010 (has extras) } to com.google.android.gms/.games.chimera.GamesSystemBroadcastReceiverProxy
2023-12-26 17:01:47.887  2283-2297  BroadcastQueue          system_server                        W  Background execution not allowed: receiving Intent { act=android.intent.action.PACKAGE_ADDED dat=package:com.android.todolist flg=0x4000010 (has extras) } to com.google.android.gms/.gass.chimera.PackageChangeBroadcastReceiver
2023-12-26 17:01:47.887  2283-2297  BroadcastQueue          system_server                        W  Background execution not allowed: receiving Intent { act=android.intent.action.PACKAGE_ADDED dat=package:com.android.todolist flg=0x4000010 (has extras) } to com.google.android.gms/.chimera.GmsIntentOperationService$PersistentTrustedReceiver
2023-12-26 17:01:47.887  2283-2297  BroadcastQueue          system_server                        W  Background execution not allowed: receiving Intent { act=android.intent.action.PACKAGE_ADDED dat=package:com.android.todolist flg=0x4000010 (has extras) } to com.google.android.googlequicksearchbox/com.google.android.apps.gsa.googlequicksearchbox.GelStubAppWatcher
2023-12-26 17:01:47.891  3196-3196  ShortCutsCardView       com.miui.home                        I  onAppChanged com.android.todolist
2023-12-26 17:01:47.904  2758-2758  ImsResolver             com.android.phone                    D  maybeAddedImsService, packageName: com.android.todolist
2023-12-26 17:01:47.923  8922-8922  AD-PLUGIN-...lledDialog com.miui.msa.global                  E  no ad：com.android.todolist
2023-12-26 17:01:47.967  4436-4436  Finsky                  com.android.vending                  I  [2] jqv.f(9): AIM: AppInfoCacheUpdater -> invalidating apps: [com.android.todolist]
2023-12-26 17:01:47.987  4436-10686 Finsky                  com.android.vending                  I  [330] be.accept(65): Asset module storage cleared for package com.android.todolist.
2023-12-26 17:01:48.197  4436-4540  Finsky                  com.android.vending                  I  [223] jss.a(66): AIM: AppInfoManager-Perf > OnDeviceAppInfo > cacheHitCount=0, cacheMissCount=1. Missed  in cache (limit 10) : [com.android.todolist]
2023-12-26 17:01:48.213  3041-11037 GCM                     com.google.android.gms.persistent    W  Unexpected forwarded intent: Intent { act=android.intent.action.PACKAGE_ADDED dat=package:com.android.todolist flg=0x4000010 pkg=com.google.android.gms cmp=com.google.android.gms/.chimera.PersistentIntentOperationService (has extras) }
2023-12-26 17:01:48.214  3041-11037 GCM                     com.google.android.gms.persistent    W  Unexpected forwarded intent: Intent { act=android.intent.action.PACKAGE_ADDED dat=package:com.android.todolist flg=0x4000010 pkg=com.google.android.gms cmp=com.google.android.gms/.chimera.PersistentIntentOperationService (has extras) }
2023-12-26 17:01:48.221  2283-2297  XSpaceManagerService    system_server                        W  update XSpace App: packageName:com.android.todolist, user:UserHandle{0}, action:android.intent.action.PACKAGE_ADDED
2023-12-26 17:01:48.221  3196-3395  Launcher.Model          com.miui.home                        D  Got broadcast:Intent { act=android.intent.action.PACKAGE_ADDED dat=package:com.android.todolist (has extras) }
2023-12-26 17:01:48.231  4436-4563  IconCustomizer          com.android.vending                  D  Generate customized icon for com.android.todolist.png
2023-12-26 17:01:48.266  3196-3395  Launcher.AllAppsList    com.miui.home                        E  Can't load postion for packageName: com.android.todolist activityName: com.android.todolist.MainActivity
2023-12-26 17:01:48.295  3196-3196  Launcher.Model          com.miui.home                        D  Insert item com.android.todolist to database (0, 5) of screen 5
2023-12-26 17:01:48.380  3196-11167 IconCustomizer          com.miui.home                        D  Generate customized icon for com.android.todolist.png
2023-12-26 17:01:48.796  2999-2999  AppInstalledReceiver    com.miui.securitycenter.remote       D  packageName: com.android.todolist
2023-12-26 17:01:48.811  2999-2999  AppCompatStateReceiver  com.miui.securitycenter.remote       D  AppCompatStateReceiver package_name=com.android.todolist,app_status=0
2023-12-26 17:01:48.811  2283-7331  BroadcastQueue          system_server                        W  Background execution not allowed: receiving Intent { act=android.intent.action.PACKAGE_ADDED dat=package:com.android.todolist flg=0x4000010 (has extras) } to com.xiaomi.discover/com.xiaomi.market.data.MyPackageMonitor
2023-12-26 17:01:48.813  2999-11101 AppCompatStateReceiver  com.miui.securitycenter.remote       D  json params=[{"pkg":"com.android.todolist","ver":"1"}]
2023-12-26 17:01:49.035 11180-11202 AppIndex.Database       com.xiaomi.providers.appindex        D  delete functions. package = com.android.todolist , id = 0
2023-12-26 17:03:22.248  2283-7598  WindowManager           system_server                        W  Attempted to set focus to non-existing app token: Token{6577ba1 ActivityRecord{a70e1c6 u0 com.android.todolist/.MainActivity t28597}}
2023-12-26 17:03:22.250  2283-7598  ActivityTrigger         system_server                        D  activityStartTrigger: Activity is Triggerred in full screen ApplicationInfo{bfea587 com.android.todolist}
2023-12-26 17:03:22.250  2283-7598  ActivityTrigger         system_server                        E  activityStartTrigger: not whiteListedcom.android.todolist/com.android.todolist.MainActivity/1
2023-12-26 17:03:22.251  2283-7598  ActivityTrigger         system_server                        D  activityResumeTrigger: The activity in ApplicationInfo{bfea587 com.android.todolist} is now in focus and seems to be in full-screen mode
2023-12-26 17:03:22.251  2283-7598  ActivityTrigger         system_server                        E  activityResumeTrigger: not whiteListedcom.android.todolist/com.android.todolist.MainActivity/1
2023-12-26 17:03:22.256  2283-2978  ActivityTrigger         system_server                        D  activityResumeTrigger: The activity in ApplicationInfo{bfea587 com.android.todolist} is now in focus and seems to be in full-screen mode
2023-12-26 17:03:22.256  2283-2978  ActivityTrigger         system_server                        E  activityResumeTrigger: not whiteListedcom.android.todolist/com.android.todolist.MainActivity/1
2023-12-26 17:03:22.289  3238-8714  AppStatChecker          com.miui.analytics                   D  first launch package: com.android.todolist
2023-12-26 17:03:22.308 11581-11581 AppActiveReceiver       com.xiaomi.discover                  D  receive app active broadcast for: com.android.todolist, install from: com.google.android.packageinstaller
---------------------------- PROCESS STARTED (11901) for package com.android.todolist ----------------------------
2023-12-26 17:03:22.591 11901-11901 AccessibilityManager    com.android.todolist                 D  AccessibilityManager status: mPackageName = com.android.todolist, mOptimizeEnabled = true, mIsEnabled = false, mIsUiAutomationEnabled = false, mIsInterestedPackage =false
2023-12-26 17:03:22.617 11901-11901 zygote64                com.android.todolist                 I  Rejecting re-init on previously-failed class java.lang.Class<androidx.core.view.ViewCompat$2>: java.lang.NoClassDefFoundError: Failed resolution of: Landroid/view/View$OnUnhandledKeyEventListener;
2023-12-26 17:03:22.617 11901-11901 zygote64                com.android.todolist                 I    at void androidx.core.view.ViewCompat.setOnApplyWindowInsetsListener(android.view.View, androidx.core.view.OnApplyWindowInsetsListener) (ViewCompat.java:2432)
2023-12-26 17:03:22.617 11901-11901 zygote64                com.android.todolist                 I    at android.view.ViewGroup androidx.appcompat.app.AppCompatDelegateImpl.createSubDecor() (AppCompatDelegateImpl.java:637)
2023-12-26 17:03:22.617 11901-11901 zygote64                com.android.todolist                 I    at void androidx.appcompat.app.AppCompatDelegateImpl.ensureSubDecor() (AppCompatDelegateImpl.java:518)
2023-12-26 17:03:22.617 11901-11901 zygote64                com.android.todolist                 I    at void androidx.appcompat.app.AppCompatDelegateImpl.setContentView(int) (AppCompatDelegateImpl.java:466)
2023-12-26 17:03:22.617 11901-11901 zygote64                com.android.todolist                 I    at void androidx.appcompat.app.AppCompatActivity.setContentView(int) (AppCompatActivity.java:140)
2023-12-26 17:03:22.617 11901-11901 zygote64                com.android.todolist                 I    at void com.android.todolist.MainActivity.onCreate(android.os.Bundle) (MainActivity.kt:34)
2023-12-26 17:03:22.617 11901-11901 zygote64                com.android.todolist                 I    at void android.app.Activity.performCreate(android.os.Bundle, android.os.PersistableBundle) (Activity.java:7087)
2023-12-26 17:03:22.617 11901-11901 zygote64                com.android.todolist                 I    at void android.app.Activity.performCreate(android.os.Bundle) (Activity.java:7078)
2023-12-26 17:03:22.617 11901-11901 zygote64                com.android.todolist                 I    at void android.app.Instrumentation.callActivityOnCreate(android.app.Activity, android.os.Bundle) (Instrumentation.java:1215)
2023-12-26 17:03:22.617 11901-11901 zygote64                com.android.todolist                 I    at android.app.Activity android.app.ActivityThread.performLaunchActivity(android.app.ActivityThread$ActivityClientRecord, android.content.Intent) (ActivityThread.java:2763)
2023-12-26 17:03:22.617 11901-11901 zygote64                com.android.todolist                 I    at void android.app.ActivityThread.handleLaunchActivity(android.app.ActivityThread$ActivityClientRecord, android.content.Intent, java.lang.String) (ActivityThread.java:2888)
2023-12-26 17:03:22.617 11901-11901 zygote64                com.android.todolist                 I    at void android.app.ActivityThread.-wrap11(android.app.ActivityThread, android.app.ActivityThread$ActivityClientRecord, android.content.Intent, java.lang.String) (ActivityThread.java:-1)
2023-12-26 17:03:22.617 11901-11901 zygote64                com.android.todolist                 I    at void android.app.ActivityThread$H.handleMessage(android.os.Message) (ActivityThread.java:1609)
2023-12-26 17:03:22.617 11901-11901 zygote64                com.android.todolist                 I    at void android.os.Handler.dispatchMessage(android.os.Message) (Handler.java:106)
2023-12-26 17:03:22.617 11901-11901 zygote64                com.android.todolist                 I    at void android.os.Looper.loop() (Looper.java:171)
2023-12-26 17:03:22.617 11901-11901 zygote64                com.android.todolist                 I    at void android.app.ActivityThread.main(java.lang.String[]) (ActivityThread.java:6606)
2023-12-26 17:03:22.617 11901-11901 zygote64                com.android.todolist                 I    at java.lang.Object java.lang.reflect.Method.invoke(java.lang.Object, java.lang.Object[]) (Method.java:-2)
2023-12-26 17:03:22.617 11901-11901 zygote64                com.android.todolist                 I    at void com.android.internal.os.RuntimeInit$MethodAndArgsCaller.run() (RuntimeInit.java:518)
2023-12-26 17:03:22.617 11901-11901 zygote64                com.android.todolist                 I    at void com.android.internal.os.ZygoteInit.main(java.lang.String[]) (ZygoteInit.java:823)
2023-12-26 17:03:22.617 11901-11901 zygote64                com.android.todolist                 I  Caused by: java.lang.ClassNotFoundException: Didn't find class "android.view.View$OnUnhandledKeyEventListener" on path: DexPathList[[zip file "/data/app/com.android.todolist-DG1dNtU_vqKHfUHEhS9FLw==/base.apk"],nativeLibraryDirectories=[/data/app/com.android.todolist-DG1dNtU_vqKHfUHEhS9FLw==/lib/arm64, /system/lib64, /vendor/lib64]]
2023-12-26 17:03:22.617 11901-11901 zygote64                com.android.todolist                 I    at java.lang.Class dalvik.system.BaseDexClassLoader.findClass(java.lang.String) (BaseDexClassLoader.java:125)
2023-12-26 17:03:22.617 11901-11901 zygote64                com.android.todolist                 I    at java.lang.Class java.lang.ClassLoader.loadClass(java.lang.String, boolean) (ClassLoader.java:379)
2023-12-26 17:03:22.617 11901-11901 zygote64                com.android.todolist                 I    at java.lang.Class java.lang.ClassLoader.loadClass(java.lang.String) (ClassLoader.java:312)
2023-12-26 17:03:22.617 11901-11901 zygote64                com.android.todolist                 I    at void androidx.core.view.ViewCompat.setOnApplyWindowInsetsListener(android.view.View, androidx.core.view.OnApplyWindowInsetsListener) (ViewCompat.java:2432)
2023-12-26 17:03:22.617 11901-11901 zygote64                com.android.todolist                 I    at android.view.ViewGroup androidx.appcompat.app.AppCompatDelegateImpl.createSubDecor() (AppCompatDelegateImpl.java:637)
2023-12-26 17:03:22.617 11901-11901 zygote64                com.android.todolist                 I    at void androidx.appcompat.app.AppCompatDelegateImpl.ensureSubDecor() (AppCompatDelegateImpl.java:518)
2023-12-26 17:03:22.617 11901-11901 zygote64                com.android.todolist                 I    at void androidx.appcompat.app.AppCompatDelegateImpl.setContentView(int) (AppCompatDelegateImpl.java:466)
2023-12-26 17:03:22.617 11901-11901 zygote64                com.android.todolist                 I    at void androidx.appcompat.app.AppCompatActivity.setContentView(int) (AppCompatActivity.java:140)
2023-12-26 17:03:22.617 11901-11901 zygote64                com.android.todolist                 I    at void com.android.todolist.MainActivity.onCreate(android.os.Bundle) (MainActivity.kt:34)
2023-12-26 17:03:22.617 11901-11901 zygote64                com.android.todolist                 I    at void android.app.Activity.performCreate(android.os.Bundle, android.os.PersistableBundle) (Activity.java:7087)
2023-12-26 17:03:22.617 11901-11901 zygote64                com.android.todolist                 I    at void android.app.Activity.performCreate(android.os.Bundle) (Activity.java:7078)
2023-12-26 17:03:22.617 11901-11901 zygote64                com.android.todolist                 I    at void android.app.Instrumentation.callActivityOnCreate(android.app.Activity, android.os.Bundle) (Instrumentation.java:1215)
2023-12-26 17:03:22.617 11901-11901 zygote64                com.android.todolist                 I    at android.app.Activity android.app.ActivityThread.performLaunchActivity(android.app.ActivityThread$ActivityClientRecord, android.content.Intent) (ActivityThread.java:2763)
2023-12-26 17:03:22.617 11901-11901 zygote64                com.android.todolist                 I    at void android.app.ActivityThread.handleLaunchActivity(android.app.ActivityThread$ActivityClientRecord, android.content.Intent, java.lang.String) (ActivityThread.java:2888)
2023-12-26 17:03:22.617 11901-11901 zygote64                com.android.todolist                 I    at void android.app.ActivityThread.-wrap11(android.app.ActivityThread, android.app.ActivityThread$ActivityClientRecord, android.content.Intent, java.lang.String) (ActivityThread.java:-1)
2023-12-26 17:03:22.617 11901-11901 zygote64                com.android.todolist                 I    at void android.app.ActivityThread$H.handleMessage(android.os.Message) (ActivityThread.java:1609)
2023-12-26 17:03:22.617 11901-11901 zygote64                com.android.todolist                 I    at void android.os.Handler.dispatchMessage(android.os.Message) (Handler.java:106)
2023-12-26 17:03:22.617 11901-11901 zygote64                com.android.todolist                 I    at void android.os.Looper.loop() (Looper.java:171)
2023-12-26 17:03:22.617 11901-11901 zygote64                com.android.todolist                 I    at void android.app.ActivityThread.main(java.lang.String[]) (ActivityThread.java:6606)
2023-12-26 17:03:22.617 11901-11901 zygote64                com.android.todolist                 I    at java.lang.Object java.lang.reflect.Method.invoke(java.lang.Object, java.lang.Object[]) (Method.java:-2)
2023-12-26 17:03:22.617 11901-11901 zygote64                com.android.todolist                 I    at void com.android.internal.os.RuntimeInit$MethodAndArgsCaller.run() (RuntimeInit.java:518)
2023-12-26 17:03:22.617 11901-11901 zygote64                com.android.todolist                 I    at void com.android.internal.os.ZygoteInit.main(java.lang.String[]) (ZygoteInit.java:823)
2023-12-26 17:03:22.617 11901-11901 zygote64                com.android.todolist                 I  
2023-12-26 17:03:22.617 11901-11901 zygote64                com.android.todolist                 I  Rejecting re-init on previously-failed class java.lang.Class<androidx.core.view.ViewCompat$2>: java.lang.NoClassDefFoundError: Failed resolution of: Landroid/view/View$OnUnhandledKeyEventListener;
2023-12-26 17:03:22.617 11901-11901 zygote64                com.android.todolist                 I    at void androidx.core.view.ViewCompat.setOnApplyWindowInsetsListener(android.view.View, androidx.core.view.OnApplyWindowInsetsListener) (ViewCompat.java:2432)
2023-12-26 17:03:22.617 11901-11901 zygote64                com.android.todolist                 I    at android.view.ViewGroup androidx.appcompat.app.AppCompatDelegateImpl.createSubDecor() (AppCompatDelegateImpl.java:637)
2023-12-26 17:03:22.617 11901-11901 zygote64                com.android.todolist                 I    at void androidx.appcompat.app.AppCompatDelegateImpl.ensureSubDecor() (AppCompatDelegateImpl.java:518)
2023-12-26 17:03:22.617 11901-11901 zygote64                com.android.todolist                 I    at void androidx.appcompat.app.AppCompatDelegateImpl.setContentView(int) (AppCompatDelegateImpl.java:466)
2023-12-26 17:03:22.617 11901-11901 zygote64                com.android.todolist                 I    at void androidx.appcompat.app.AppCompatActivity.setContentView(int) (AppCompatActivity.java:140)
2023-12-26 17:03:22.617 11901-11901 zygote64                com.android.todolist                 I    at void com.android.todolist.MainActivity.onCreate(android.os.Bundle) (MainActivity.kt:34)
2023-12-26 17:03:22.617 11901-11901 zygote64                com.android.todolist                 I    at void android.app.Activity.performCreate(android.os.Bundle, android.os.PersistableBundle) (Activity.java:7087)
2023-12-26 17:03:22.617 11901-11901 zygote64                com.android.todolist                 I    at void android.app.Activity.performCreate(android.os.Bundle) (Activity.java:7078)
2023-12-26 17:03:22.617 11901-11901 zygote64                com.android.todolist                 I    at void android.app.Instrumentation.callActivityOnCreate(android.app.Activity, android.os.Bundle) (Instrumentation.java:1215)
2023-12-26 17:03:22.617 11901-11901 zygote64                com.android.todolist                 I    at android.app.Activity android.app.ActivityThread.performLaunchActivity(android.app.ActivityThread$ActivityClientRecord, android.content.Intent) (ActivityThread.java:2763)
2023-12-26 17:03:22.617 11901-11901 zygote64                com.android.todolist                 I    at void android.app.ActivityThread.handleLaunchActivity(android.app.ActivityThread$ActivityClientRecord, android.content.Intent, java.lang.String) (ActivityThread.java:2888)
2023-12-26 17:03:22.617 11901-11901 zygote64                com.android.todolist                 I    at void android.app.ActivityThread.-wrap11(android.app.ActivityThread, android.app.ActivityThread$ActivityClientRecord, android.content.Intent, java.lang.String) (ActivityThread.java:-1)
2023-12-26 17:03:22.617 11901-11901 zygote64                com.android.todolist                 I    at void android.app.ActivityThread$H.handleMessage(android.os.Message) (ActivityThread.java:1609)
2023-12-26 17:03:22.617 11901-11901 zygote64                com.android.todolist                 I    at void android.os.Handler.dispatchMessage(android.os.Message) (Handler.java:106)
2023-12-26 17:03:22.617 11901-11901 zygote64                com.android.todolist                 I    at void android.os.Looper.loop() (Looper.java:171)
2023-12-26 17:03:22.617 11901-11901 zygote64                com.android.todolist                 I    at void android.app.ActivityThread.main(java.lang.String[]) (ActivityThread.java:6606)
2023-12-26 17:03:22.617 11901-11901 zygote64                com.android.todolist                 I    at java.lang.Object java.lang.reflect.Method.invoke(java.lang.Object, java.lang.Object[]) (Method.java:-2)
2023-12-26 17:03:22.617 11901-11901 zygote64                com.android.todolist                 I    at void com.android.internal.os.RuntimeInit$MethodAndArgsCaller.run() (RuntimeInit.java:518)
2023-12-26 17:03:22.617 11901-11901 zygote64                com.android.todolist                 I    at void com.android.internal.os.ZygoteInit.main(java.lang.String[]) (ZygoteInit.java:823)
2023-12-26 17:03:22.617 11901-11901 zygote64                com.android.todolist                 I  Caused by: java.lang.ClassNotFoundException: Didn't find class "android.view.View$OnUnhandledKeyEventListener" on path: DexPathList[[zip file "/data/app/com.android.todolist-DG1dNtU_vqKHfUHEhS9FLw==/base.apk"],nativeLibraryDirectories=[/data/app/com.android.todolist-DG1dNtU_vqKHfUHEhS9FLw==/lib/arm64, /system/lib64, /vendor/lib64]]
2023-12-26 17:03:22.617 11901-11901 zygote64                com.android.todolist                 I    at java.lang.Class dalvik.system.BaseDexClassLoader.findClass(java.lang.String) (BaseDexClassLoader.java:125)
2023-12-26 17:03:22.617 11901-11901 zygote64                com.android.todolist                 I    at java.lang.Class java.lang.ClassLoader.loadClass(java.lang.String, boolean) (ClassLoader.java:379)
2023-12-26 17:03:22.617 11901-11901 zygote64                com.android.todolist                 I    at java.lang.Class java.lang.ClassLoader.loadClass(java.lang.String) (ClassLoader.java:312)
2023-12-26 17:03:22.617 11901-11901 zygote64                com.android.todolist                 I    at void androidx.core.view.ViewCompat.setOnApplyWindowInsetsListener(android.view.View, androidx.core.view.OnApplyWindowInsetsListener) (ViewCompat.java:2432)
2023-12-26 17:03:22.617 11901-11901 zygote64                com.android.todolist                 I    at android.view.ViewGroup androidx.appcompat.app.AppCompatDelegateImpl.createSubDecor() (AppCompatDelegateImpl.java:637)
2023-12-26 17:03:22.617 11901-11901 zygote64                com.android.todolist                 I    at void androidx.appcompat.app.AppCompatDelegateImpl.ensureSubDecor() (AppCompatDelegateImpl.java:518)
2023-12-26 17:03:22.617 11901-11901 zygote64                com.android.todolist                 I    at void androidx.appcompat.app.AppCompatDelegateImpl.setContentView(int) (AppCompatDelegateImpl.java:466)
2023-12-26 17:03:22.617 11901-11901 zygote64                com.android.todolist                 I    at void androidx.appcompat.app.AppCompatActivity.setContentView(int) (AppCompatActivity.java:140)
2023-12-26 17:03:22.617 11901-11901 zygote64                com.android.todolist                 I    at void com.android.todolist.MainActivity.onCreate(android.os.Bundle) (MainActivity.kt:34)
2023-12-26 17:03:22.617 11901-11901 zygote64                com.android.todolist                 I    at void android.app.Activity.performCreate(android.os.Bundle, android.os.PersistableBundle) (Activity.java:7087)
2023-12-26 17:03:22.617 11901-11901 zygote64                com.android.todolist                 I    at void android.app.Activity.performCreate(android.os.Bundle) (Activity.java:7078)
2023-12-26 17:03:22.617 11901-11901 zygote64                com.android.todolist                 I    at void android.app.Instrumentation.callActivityOnCreate(android.app.Activity, android.os.Bundle) (Instrumentation.java:1215)
2023-12-26 17:03:22.617 11901-11901 zygote64                com.android.todolist                 I    at android.app.Activity android.app.ActivityThread.performLaunchActivity(android.app.ActivityThread$ActivityClientRecord, android.content.Intent) (ActivityThread.java:2763)
2023-12-26 17:03:22.617 11901-11901 zygote64                com.android.todolist                 I    at void android.app.ActivityThread.handleLaunchActivity(android.app.ActivityThread$ActivityClientRecord, android.content.Intent, java.lang.String) (ActivityThread.java:2888)
2023-12-26 17:03:22.617 11901-11901 zygote64                com.android.todolist                 I    at void android.app.ActivityThread.-wrap11(android.app.ActivityThread, android.app.ActivityThread$ActivityClientRecord, android.content.Intent, java.lang.String) (ActivityThread.java:-1)
2023-12-26 17:03:22.617 11901-11901 zygote64                com.android.todolist                 I    at void android.app.ActivityThread$H.handleMessage(android.os.Message) (ActivityThread.java:1609)
2023-12-26 17:03:22.617 11901-11901 zygote64                com.android.todolist                 I    at void android.os.Handler.dispatchMessage(android.os.Message) (Handler.java:106)
2023-12-26 17:03:22.617 11901-11901 zygote64                com.android.todolist                 I    at void android.os.Looper.loop() (Looper.java:171)
2023-12-26 17:03:22.617 11901-11901 zygote64                com.android.todolist                 I    at void android.app.ActivityThread.main(java.lang.String[]) (ActivityThread.java:6606)
2023-12-26 17:03:22.617 11901-11901 zygote64                com.android.todolist                 I    at java.lang.Object java.lang.reflect.Method.invoke(java.lang.Object, java.lang.Object[]) (Method.java:-2)
2023-12-26 17:03:22.617 11901-11901 zygote64                com.android.todolist                 I    at void com.android.internal.os.RuntimeInit$MethodAndArgsCaller.run() (RuntimeInit.java:518)
2023-12-26 17:03:22.618 11901-11901 zygote64                com.android.todolist                 I    at void com.android.internal.os.ZygoteInit.main(java.lang.String[]) (ZygoteInit.java:823)
2023-12-26 17:03:22.618 11901-11901 zygote64                com.android.todolist                 I  
2023-12-26 17:03:22.618 11901-11901 zygote64                com.android.todolist                 I  Rejecting re-init on previously-failed class java.lang.Class<androidx.core.view.ViewCompat$2>: java.lang.NoClassDefFoundError: Failed resolution of: Landroid/view/View$OnUnhandledKeyEventListener;
2023-12-26 17:03:22.618 11901-11901 zygote64                com.android.todolist                 I    at void androidx.core.view.ViewCompat.setOnApplyWindowInsetsListener(android.view.View, androidx.core.view.OnApplyWindowInsetsListener) (ViewCompat.java:2432)
2023-12-26 17:03:22.618 11901-11901 zygote64                com.android.todolist                 I    at android.view.ViewGroup androidx.appcompat.app.AppCompatDelegateImpl.createSubDecor() (AppCompatDelegateImpl.java:637)
2023-12-26 17:03:22.618 11901-11901 zygote64                com.android.todolist                 I    at void androidx.appcompat.app.AppCompatDelegateImpl.ensureSubDecor() (AppCompatDelegateImpl.java:518)
2023-12-26 17:03:22.618 11901-11901 zygote64                com.android.todolist                 I    at void androidx.appcompat.app.AppCompatDelegateImpl.setContentView(int) (AppCompatDelegateImpl.java:466)
2023-12-26 17:03:22.618 11901-11901 zygote64                com.android.todolist                 I    at void androidx.appcompat.app.AppCompatActivity.setContentView(int) (AppCompatActivity.java:140)
2023-12-26 17:03:22.618 11901-11901 zygote64                com.android.todolist                 I    at void com.android.todolist.MainActivity.onCreate(android.os.Bundle) (MainActivity.kt:34)
2023-12-26 17:03:22.618 11901-11901 zygote64                com.android.todolist                 I    at void android.app.Activity.performCreate(android.os.Bundle, android.os.PersistableBundle) (Activity.java:7087)
2023-12-26 17:03:22.618 11901-11901 zygote64                com.android.todolist                 I    at void android.app.Activity.performCreate(android.os.Bundle) (Activity.java:7078)
2023-12-26 17:03:22.618 11901-11901 zygote64                com.android.todolist                 I    at void android.app.Instrumentation.callActivityOnCreate(android.app.Activity, android.os.Bundle) (Instrumentation.java:1215)
2023-12-26 17:03:22.618 11901-11901 zygote64                com.android.todolist                 I    at android.app.Activity android.app.ActivityThread.performLaunchActivity(android.app.ActivityThread$ActivityClientRecord, android.content.Intent) (ActivityThread.java:2763)
2023-12-26 17:03:22.618 11901-11901 zygote64                com.android.todolist                 I    at void android.app.ActivityThread.handleLaunchActivity(android.app.ActivityThread$ActivityClientRecord, android.content.Intent, java.lang.String) (ActivityThread.java:2888)
2023-12-26 17:03:22.618 11901-11901 zygote64                com.android.todolist                 I    at void android.app.ActivityThread.-wrap11(android.app.ActivityThread, android.app.ActivityThread$ActivityClientRecord, android.content.Intent, java.lang.String) (ActivityThread.java:-1)
2023-12-26 17:03:22.618 11901-11901 zygote64                com.android.todolist                 I    at void android.app.ActivityThread$H.handleMessage(android.os.Message) (ActivityThread.java:1609)
2023-12-26 17:03:22.618 11901-11901 zygote64                com.android.todolist                 I    at void android.os.Handler.dispatchMessage(android.os.Message) (Handler.java:106)
2023-12-26 17:03:22.618 11901-11901 zygote64                com.android.todolist                 I    at void android.os.Looper.loop() (Looper.java:171)
2023-12-26 17:03:22.618 11901-11901 zygote64                com.android.todolist                 I    at void android.app.ActivityThread.main(java.lang.String[]) (ActivityThread.java:6606)
2023-12-26 17:03:22.618 11901-11901 zygote64                com.android.todolist                 I    at java.lang.Object java.lang.reflect.Method.invoke(java.lang.Object, java.lang.Object[]) (Method.java:-2)
2023-12-26 17:03:22.618 11901-11901 zygote64                com.android.todolist                 I    at void com.android.internal.os.RuntimeInit$MethodAndArgsCaller.run() (RuntimeInit.java:518)
2023-12-26 17:03:22.618 11901-11901 zygote64                com.android.todolist                 I    at void com.android.internal.os.ZygoteInit.main(java.lang.String[]) (ZygoteInit.java:823)
2023-12-26 17:03:22.618 11901-11901 zygote64                com.android.todolist                 I  Caused by: java.lang.ClassNotFoundException: Didn't find class "android.view.View$OnUnhandledKeyEventListener" on path: DexPathList[[zip file "/data/app/com.android.todolist-DG1dNtU_vqKHfUHEhS9FLw==/base.apk"],nativeLibraryDirectories=[/data/app/com.android.todolist-DG1dNtU_vqKHfUHEhS9FLw==/lib/arm64, /system/lib64, /vendor/lib64]]
2023-12-26 17:03:22.618 11901-11901 zygote64                com.android.todolist                 I    at java.lang.Class dalvik.system.BaseDexClassLoader.findClass(java.lang.String) (BaseDexClassLoader.java:125)
2023-12-26 17:03:22.618 11901-11901 zygote64                com.android.todolist                 I    at java.lang.Class java.lang.ClassLoader.loadClass(java.lang.String, boolean) (ClassLoader.java:379)
2023-12-26 17:03:22.618 11901-11901 zygote64                com.android.todolist                 I    at java.lang.Class java.lang.ClassLoader.loadClass(java.lang.String) (ClassLoader.java:312)
2023-12-26 17:03:22.618 11901-11901 zygote64                com.android.todolist                 I    at void androidx.core.view.ViewCompat.setOnApplyWindowInsetsListener(android.view.View, androidx.core.view.OnApplyWindowInsetsListener) (ViewCompat.java:2432)
2023-12-26 17:03:22.618 11901-11901 zygote64                com.android.todolist                 I    at android.view.ViewGroup androidx.appcompat.app.AppCompatDelegateImpl.createSubDecor() (AppCompatDelegateImpl.java:637)
2023-12-26 17:03:22.618 11901-11901 zygote64                com.android.todolist                 I    at void androidx.appcompat.app.AppCompatDelegateImpl.ensureSubDecor() (AppCompatDelegateImpl.java:518)
2023-12-26 17:03:22.618 11901-11901 zygote64                com.android.todolist                 I    at void androidx.appcompat.app.AppCompatDelegateImpl.setContentView(int) (AppCompatDelegateImpl.java:466)
2023-12-26 17:03:22.618 11901-11901 zygote64                com.android.todolist                 I    at void androidx.appcompat.app.AppCompatActivity.setContentView(int) (AppCompatActivity.java:140)
2023-12-26 17:03:22.618 11901-11901 zygote64                com.android.todolist                 I    at void com.android.todolist.MainActivity.onCreate(android.os.Bundle) (MainActivity.kt:34)
2023-12-26 17:03:22.618 11901-11901 zygote64                com.android.todolist                 I    at void android.app.Activity.performCreate(android.os.Bundle, android.os.PersistableBundle) (Activity.java:7087)
2023-12-26 17:03:22.618 11901-11901 zygote64                com.android.todolist                 I    at void android.app.Activity.performCreate(android.os.Bundle) (Activity.java:7078)
2023-12-26 17:03:22.618 11901-11901 zygote64                com.android.todolist                 I    at void android.app.Instrumentation.callActivityOnCreate(android.app.Activity, android.os.Bundle) (Instrumentation.java:1215)
2023-12-26 17:03:22.618 11901-11901 zygote64                com.android.todolist                 I    at android.app.Activity android.app.ActivityThread.performLaunchActivity(android.app.ActivityThread$ActivityClientRecord, android.content.Intent) (ActivityThread.java:2763)
2023-12-26 17:03:22.618 11901-11901 zygote64                com.android.todolist                 I    at void android.app.ActivityThread.handleLaunchActivity(android.app.ActivityThread$ActivityClientRecord, android.content.Intent, java.lang.String) (ActivityThread.java:2888)
2023-12-26 17:03:22.618 11901-11901 zygote64                com.android.todolist                 I    at void android.app.ActivityThread.-wrap11(android.app.ActivityThread, android.app.ActivityThread$ActivityClientRecord, android.content.Intent, java.lang.String) (ActivityThread.java:-1)
2023-12-26 17:03:22.618 11901-11901 zygote64                com.android.todolist                 I    at void android.app.ActivityThread$H.handleMessage(android.os.Message) (ActivityThread.java:1609)
2023-12-26 17:03:22.618 11901-11901 zygote64                com.android.todolist                 I    at void android.os.Handler.dispatchMessage(android.os.Message) (Handler.java:106)
2023-12-26 17:03:22.618 11901-11901 zygote64                com.android.todolist                 I    at void android.os.Looper.loop() (Looper.java:171)
2023-12-26 17:03:22.618 11901-11901 zygote64                com.android.todolist                 I    at void android.app.ActivityThread.main(java.lang.String[]) (ActivityThread.java:6606)
2023-12-26 17:03:22.618 11901-11901 zygote64                com.android.todolist                 I    at java.lang.Object java.lang.reflect.Method.invoke(java.lang.Object, java.lang.Object[]) (Method.java:-2)
2023-12-26 17:03:22.618 11901-11901 zygote64                com.android.todolist                 I    at void com.android.internal.os.RuntimeInit$MethodAndArgsCaller.run() (RuntimeInit.java:518)
2023-12-26 17:03:22.618 11901-11901 zygote64                com.android.todolist                 I    at void com.android.internal.os.ZygoteInit.main(java.lang.String[]) (ZygoteInit.java:823)
2023-12-26 17:03:22.618 11901-11901 zygote64                com.android.todolist                 I  
2023-12-26 17:03:22.727 11901-11909 zygote64                com.android.todolist                 I  Do partial code cache collection, code=28KB, data=17KB
2023-12-26 17:03:22.727 11901-11909 zygote64                com.android.todolist                 I  After code cache collection, code=27KB, data=17KB
2023-12-26 17:03:22.727 11901-11909 zygote64                com.android.todolist                 I  Increasing code cache capacity to 128KB
2023-12-26 17:03:22.804 11901-11936 OpenGLRenderer          com.android.todolist                 D  HWUI GL Pipeline
2023-12-26 17:03:22.857 11901-11936 Adreno                  com.android.todolist                 I  QUALCOMM build                   : a1355e2, I141a912644
                                                                                                    Build Date                       : 04/18/18
                                                                                                    OpenGL ES Shader Compiler Version: EV031.22.00.01_06
                                                                                                    Local Branch                     : 
                                                                                                    Remote Branch                    : quic/gfx-adreno.lnx.1.0.r33-rel
                                                                                                    Remote Branch                    : NONE
                                                                                                    Reconstruct Branch               : NOTHING
2023-12-26 17:03:22.861 11901-11936 Adreno                  com.android.todolist                 I  PFP: 0x005ff087, ME: 0x005ff063
2023-12-26 17:03:22.869 11901-11936 zygote64                com.android.todolist                 I  android::hardware::configstore::V1_0::ISurfaceFlingerConfigs::hasWideColorDisplay retrieved: 0
2023-12-26 17:03:22.870 11901-11936 OpenGLRenderer          com.android.todolist                 I  Initialized EGL, version 1.4
2023-12-26 17:03:22.870 11901-11936 OpenGLRenderer          com.android.todolist                 D  Swap behavior 2
2023-12-26 17:03:23.125  2283-2304  ActivityManager         system_server                        I  Displayed com.android.todolist/.MainActivity: +864ms
2023-12-26 17:03:23.126  2430-2430  GoogleInpu...hodService com...gle.android.inputmethod.latin  I  GoogleInputMethodService.onStartInput():1862 onStartInput(EditorInfo{EditorInfo{packageName=com.android.todolist, inputType=0, inputTypeString=NULL, enableLearning=false, autoCorrection=false, autoComplete=false, imeOptions=0, privateImeOptions=null, actionName=UNSPECIFIED, actionLabel=null, initialSelStart=-1, initialSelEnd=-1, initialCapsMode=0, label=null, fieldId=2131230905, fieldName=null, extras=null, hintText=null, hintLocales=[]}}, false)
2023-12-26 17:03:37.339 11901-11912 zygote64                com.android.todolist                 I  Debugger is no longer active
2023-12-26 17:03:45.315  2444-2444  IconCustomizer          com.android.systemui                 D  Generate customized icon for com.android.todolist.png
2023-12-26 17:04:19.886  2283-2978  ActivityTrigger         system_server                        D  activityResumeTrigger: The activity in ApplicationInfo{bfea587 com.android.todolist} is now in focus and seems to be in full-screen mode
2023-12-26 17:04:19.886  2283-2978  ActivityTrigger         system_server                        E  activityResumeTrigger: not whiteListedcom.android.todolist/com.android.todolist.MainActivity/1
2023-12-26 17:04:19.891  2283-2978  ActivityTrigger         system_server                        D  activityResumeTrigger: The activity in ApplicationInfo{bfea587 com.android.todolist} is now in focus and seems to be in full-screen mode
2023-12-26 17:04:19.891  2283-2978  ActivityTrigger         system_server                        E  activityResumeTrigger: not whiteListedcom.android.todolist/com.android.todolist.MainActivity/1
2023-12-26 17:04:19.898  2283-3541  ActivityTrigger         system_server                        D  activityResumeTrigger: The activity in ApplicationInfo{bfea587 com.android.todolist} is now in focus and seems to be in full-screen mode
2023-12-26 17:04:19.898  2283-3541  ActivityTrigger         system_server                        E  activityResumeTrigger: not whiteListedcom.android.todolist/com.android.todolist.MainActivity/1
2023-12-26 17:04:19.951  2430-2430  GoogleInpu...hodService com...gle.android.inputmethod.latin  I  GoogleInputMethodService.onStartInput():1862 onStartInput(EditorInfo{EditorInfo{packageName=com.android.todolist, inputType=0, inputTypeString=NULL, enableLearning=false, autoCorrection=false, autoComplete=false, imeOptions=0, privateImeOptions=null, actionName=UNSPECIFIED, actionLabel=null, initialSelStart=-1, initialSelEnd=-1, initialCapsMode=0, label=null, fieldId=2131230905, fieldName=null, extras=null, hintText=null, hintLocales=[]}}, false)
2023-12-26 17:04:21.040 11901-11909 zygote64                com.android.todolist                 I  Do partial code cache collection, code=61KB, data=46KB
2023-12-26 17:04:21.040 11901-11909 zygote64                com.android.todolist                 I  After code cache collection, code=61KB, data=46KB
2023-12-26 17:04:21.040 11901-11909 zygote64                com.android.todolist                 I  Increasing code cache capacity to 256KB
2023-12-26 17:04:21.086   764-764   SurfaceFlinger          surfaceflinger                       D  duplicate layer name: changing com.android.todolist/com.android.todolist.MainActivity to com.android.todolist/com.android.todolist.MainActivity#1
2023-12-26 17:04:21.215  2430-2430  GoogleInpu...hodService com...gle.android.inputmethod.latin  I  GoogleInputMethodService.onStartInput():1862 onStartInput(EditorInfo{EditorInfo{packageName=com.android.todolist, inputType=61, inputTypeString=PersonName, enableLearning=true, autoCorrection=true, autoComplete=true, imeOptions=6, privateImeOptions=null, actionName=DONE, actionLabel=null, initialSelStart=0, initialSelEnd=0, initialCapsMode=0, label=null, fieldId=2131230821, fieldName=null, extras=null, hintText=non-empty, hintLocales=[]}}, false)
2023-12-26 17:04:21.261 11901-11901 ResourceType            com.android.todolist                 W  No package identifier when getting name for resource number 0x00000000
2023-12-26 17:04:21.269 11901-11901 View                    com.android.todolist                 V  dispatchProvideAutofillStructure(): not laid out, ignoring 3 children of 1073741839
2023-12-26 17:04:21.286 11901-11901 AssistStructure         com.android.todolist                 I  Flattened final assist data: 5476 bytes, containing 2 windows, 25 views
2023-12-26 17:04:21.985  3041-12128 uby                     com.google.android.gms.persistent    W  Infinite Data has no result for com.android.todolist [CONTEXT service_id=177 ]
2023-12-26 17:04:26.299  2430-2430  GoogleInpu...hodService com...gle.android.inputmethod.latin  I  GoogleInputMethodService.onStartInputView():1977 onStartInputView(EditorInfo{EditorInfo{packageName=com.android.todolist, inputType=61, inputTypeString=PersonName, enableLearning=true, autoCorrection=true, autoComplete=true, imeOptions=6, privateImeOptions=null, actionName=DONE, actionLabel=null, initialSelStart=0, initialSelEnd=0, initialCapsMode=0, label=null, fieldId=2131230821, fieldName=null, extras=null, hintText=non-empty, hintLocales=[]}}, false)
2023-12-26 17:04:26.685  2430-2430  AndroidIME              com...gle.android.inputmethod.latin  I  AbstractIme.onActivate():87 LatinIme.onActivate() : EditorInfo = EditorInfo{packageName=com.android.todolist, inputType=61, inputTypeString=PersonName, enableLearning=true, autoCorrection=true, autoComplete=true, imeOptions=6, privateImeOptions=null, actionName=DONE, actionLabel=null, initialSelStart=0, initialSelEnd=0, initialCapsMode=0, label=null, fieldId=2131230821, fieldName=null, extras=null, hintText=non-empty, hintLocales=[]}, IncognitoMode = false, DeviceLocked = false
2023-12-26 17:04:36.513 11901-11901 System.out              com.android.todolist                 I  test_111
2023-12-26 17:04:36.536 11901-11936 OpenGLRenderer          com.android.todolist                 D  endAllActiveAnimators on 0x70063e2400 (RippleDrawable) with handle 0x6ff57d26a0
2023-12-26 17:04:36.646 11901-11901 IInputConnectionWrapper com.android.todolist                 W  requestCursorAnchorInfo on inactive InputConnection
2023-12-26 17:04:36.675  2430-2430  GoogleInpu...hodService com...gle.android.inputmethod.latin  I  GoogleInputMethodService.onStartInput():1862 onStartInput(EditorInfo{EditorInfo{packageName=com.android.todolist, inputType=0, inputTypeString=NULL, enableLearning=false, autoCorrection=false, autoComplete=false, imeOptions=0, privateImeOptions=null, actionName=UNSPECIFIED, actionLabel=null, initialSelStart=-1, initialSelEnd=-1, initialCapsMode=0, label=null, fieldId=2131230905, fieldName=null, extras=null, hintText=null, hintLocales=[]}}, false)
2023-12-26 17:04:41.974  2283-11861 ActivityTrigger         system_server                        D  activityStartTrigger: Activity is Triggerred in full screen ApplicationInfo{9b61153 com.android.todolist}
2023-12-26 17:04:41.975  2283-11861 ActivityTrigger         system_server                        E  activityStartTrigger: not whiteListedcom.android.todolist/com.android.todolist.ListActivity/1
2023-12-26 17:04:41.976  2283-11861 ActivityTrigger         system_server                        D  activityResumeTrigger: The activity in ApplicationInfo{9b61153 com.android.todolist} is now in focus and seems to be in full-screen mode
